// Jest Snapshot v1, https://goo.gl/fbAQLP

exports[`Should render login page 1`] = `
<div
  className="box-layout"
>
  <div
    className="box-layout__box"
  >
    <h1
      className="box-layout__title"
    >
      NoteStack
    </h1>
    <p>
      Make Sweet Notes and Share with Others!
    </p>
    <button
      className="btn btn--blue"
      onClick={[Function]}
    >
      Login with Google
    </button>
  </div>
</div>
`;
